vm16 version = 2.7.5
######################### Parser ############################
#### Code ####
 file: (  0) "test19.c"
 code: (  0) "global buff"
 code: (  0) "global a"
 code: (  0) "global init"
 code: (  0) "global loop"
 code: (  0) "jump 8"
 code: (  0) ".org 8"
 code: (  0) "call @init"
 code: (  0) "call init"
 code: (  0) "@loop:"
 code: (  0) "call loop"
 code: (  0) "nop"
 code: (  0) "jump @loop"
 code: (  0) "@init:"
 code: (  0) "ret"
 code: ( 22) "init:"
 code: ( 22) "move A, A"
 code: ( 22) "ret"
 code: ( 26) "loop:"
 code: ( 26) "move A, A"
 code: ( 26) "ret"
 data: (  5) "buff: 65,66,67"
 data: (  6) "a: 0"
#### Debug ####
 file   0 test19.c oops 
 gvar   5 buff buff[] 
 gvar   6 a a 
 func  22 init oops 
 svar  22 @num_stack_var@ -0 
 func  26 loop oops 
 svar  26 @num_stack_var@ -0 
 endf  29 test19.c oops 
######################### ASM ############################
;##### test19.c #####
newfile test19.c
  .code
  global buff
  global a
  global init
  global loop
  jump 8
  .org 8
  call @init
  call init
@loop:
  call loop
  nop
  jump @loop
@init:
  ret
;   1: /**
;   2:  * This is a commment
;   3:  */
;   5: var buff[] = {65, 66, 67};
;   6: var a;
;   8: /* func init() {
;   9:   var p = buff;
;  10:   var b;
;  11:   var c;
;  13:   system(0, *p);
;  14:   system(0, p[1]);
;  15:   system(0, p[2]);
;  16:   system(0, &a);
;  17:   system(0, &b);
;  19: } */
;  21: /**/
;  22: func init() {
init:
  move A, A
  ret
;  23: }
;  25: /* glkdjtgdlgkjdfglj */
;  26: func loop() {
loop:
  move A, A
  ret
;  27: }
;  28: /*****************************/
  .data
buff: 65,66,67
a: 0
######################### BIN ############################
#### Code ####
 file   0 0000: test19.c
 code   0 0000: 1200 0008
 code   0 0008: 1600 0011
 code   0 000A: 1600 0012
 code   0 000C: 1600 0014
 code   0 000E: 0000
 code   0 000F: 1200 000C
 code   0 0011: 1800
 code  22 0012: 2000
 code  22 0013: 1800
 code  26 0014: 2000
 code  26 0015: 1800
 code   5 0016: 0041 0042 0043
 code   6 0019: 0000
#### Debug ####
 file   0 0000: "test19.c"
 gvar   5 0016: "buff[]"
 gvar   6 0019: "a"
 func  22 0012: "init"
 svar  22    0: "@num_stack_var@"
 func  26 0014: "loop"
 svar  26    0: "@num_stack_var@"
 endf  29 001A: "test19.c"
ctype	file
Code start address: $0000
Last used address:  $0019
Code size [words]:  $0014
:200000100000019
:200000012000008
:800080016000011160000121600001400001200
:8001000000C1800200018002000180000410042
:200180000430000
:00000FF
